# Домашнее задание к занятию "3.5. Файловые системы"

1. Узнайте о [sparse](https://ru.wikipedia.org/wiki/%D0%A0%D0%B0%D0%B7%D1%80%D0%B5%D0%B6%D1%91%D0%BD%D0%BD%D1%8B%D0%B9_%D1%84%D0%B0%D0%B9%D0%BB) (разряженных) файлах.

1. Могут ли файлы, являющиеся жесткой ссылкой на один объект, иметь разные права доступа и владельца? Почему?

1. Сделайте `vagrant destroy` на имеющийся инстанс Ubuntu. Замените содержимое Vagrantfile следующим:

    ```bash
    Vagrant.configure("2") do |config|
      config.vm.box = "bento/ubuntu-20.04"
      config.vm.provider :virtualbox do |vb|
        lvm_experiments_disk0_path = "/tmp/lvm_experiments_disk0.vmdk"
        lvm_experiments_disk1_path = "/tmp/lvm_experiments_disk1.vmdk"
        vb.customize ['createmedium', '--filename', lvm_experiments_disk0_path, '--size', 2560]
        vb.customize ['createmedium', '--filename', lvm_experiments_disk1_path, '--size', 2560]
        vb.customize ['storageattach', :id, '--storagectl', 'SATA Controller', '--port', 1, '--device', 0, '--type', 'hdd', '--medium', lvm_experiments_disk0_path]
        vb.customize ['storageattach', :id, '--storagectl', 'SATA Controller', '--port', 2, '--device', 0, '--type', 'hdd', '--medium', lvm_experiments_disk1_path]
      end
    end
    ```

    Данная конфигурация создаст новую виртуальную машину с двумя дополнительными неразмеченными дисками по 2.5 Гб.

1. Используя `fdisk`, разбейте первый диск на 2 раздела: 2 Гб, оставшееся пространство.

1. Используя `sfdisk`, перенесите данную таблицу разделов на второй диск.

1. Соберите `mdadm` RAID1 на паре разделов 2 Гб.

1. Соберите `mdadm` RAID0 на второй паре маленьких разделов.

1. Создайте 2 независимых PV на получившихся md-устройствах.

1. Создайте общую volume-group на этих двух PV.

1. Создайте LV размером 100 Мб, указав его расположение на PV с RAID0.

1. Создайте `mkfs.ext4` ФС на получившемся LV.

1. Смонтируйте этот раздел в любую директорию, например, `/tmp/new`.

1. Поместите туда тестовый файл, например `wget https://mirror.yandex.ru/ubuntu/ls-lR.gz -O /tmp/new/test.gz`.

1. Прикрепите вывод `lsblk`.

1. Протестируйте целостность файла:

    ```bash
    root@vagrant:~# gzip -t /tmp/new/test.gz
    root@vagrant:~# echo $?
    0
    ```

1. Используя pvmove, переместите содержимое PV с RAID0 на RAID1.

1. Сделайте `--fail` на устройство в вашем RAID1 md.

1. Подтвердите выводом `dmesg`, что RAID1 работает в деградированном состоянии.

1. Протестируйте целостность файла, несмотря на "сбойный" диск он должен продолжать быть доступен:

    ```bash
    root@vagrant:~# gzip -t /tmp/new/test.gz
    root@vagrant:~# echo $?
    0
    ```

1. Погасите тестовый хост, `vagrant destroy`.

## Ответ:
- **1.** Разряженный файл помогает экономить место на диске блягодаря тому, что система высвобождает место, которое занято в таком файле только нулями.
- **2.** Не могут, так как жесткая ссылка это ссылка на тот же самый изначальный файл, как и говорилось на лекции их стоит воспринимать как одни и те же объекты.
- **3.** Сделано, выводы `fdisk -l /dev/sdb` и `fdisk -l /dev/sdc`:
```
Disk /dev/sdb: 2.51 GiB, 2684354560 bytes, 5242880 sectors
Disk model: VBOX HARDDISK
Units: sectors of 1 * 512 = 512 bytes
Sector size (logical/physical): 512 bytes / 512 bytes
I/O size (minimum/optimal): 512 bytes / 512 bytes


Disk /dev/sdc: 2.51 GiB, 2684354560 bytes, 5242880 sectors
Disk model: VBOX HARDDISK
Units: sectors of 1 * 512 = 512 bytes
Sector size (logical/physical): 512 bytes / 512 bytes
I/O size (minimum/optimal): 512 bytes / 512 bytes
```
- **4.** Создано с помощью fdisk:
```
root@vagrant:/home/vagrant# fdisk /dev/sdb
n
p
1
+2G

n
p
2
w

root@vagrant:/home/vagrant# lsblk
NAME                      MAJ:MIN RM  SIZE RO TYPE MOUNTPOINT
loop0                       7:0    0 55.4M  1 loop /snap/core18/2128
loop1                       7:1    0 70.3M  1 loop /snap/lxd/21029
loop3                       7:3    0 55.5M  1 loop /snap/core18/2284
loop4                       7:4    0 43.6M  1 loop /snap/snapd/14978
loop5                       7:5    0 61.9M  1 loop /snap/core20/1361
loop6                       7:6    0 67.9M  1 loop /snap/lxd/22526
sda                         8:0    0   64G  0 disk
├─sda1                      8:1    0    1M  0 part
├─sda2                      8:2    0    1G  0 part /boot
└─sda3                      8:3    0   63G  0 part
  └─ubuntu--vg-ubuntu--lv 253:0    0 31.5G  0 lvm  /
sdb                         8:16   0  2.5G  0 disk
├─sdb1                      8:17   0    2G  0 part
└─sdb2                      8:18   0  511M  0 part
sdc                         8:32   0  2.5G  0 disk
```
- **5.** Сделано:
```
root@vagrant:/home/vagrant# sfdisk -d /dev/sdb | sfdisk /dev/sdc
Checking that no-one is using this disk right now ... OK

Disk /dev/sdc: 2.51 GiB, 2684354560 bytes, 5242880 sectors
Disk model: VBOX HARDDISK
Units: sectors of 1 * 512 = 512 bytes
Sector size (logical/physical): 512 bytes / 512 bytes
I/O size (minimum/optimal): 512 bytes / 512 bytes
Disklabel type: dos
Disk identifier: 0x53ee6d2c

Old situation:

>>> Script header accepted.
>>> Script header accepted.
>>> Script header accepted.
>>> Script header accepted.
>>> Created a new DOS disklabel with disk identifier 0x3bf3a1e8.
/dev/sdc1: Created a new partition 1 of type 'Linux' and of size 2 GiB.
/dev/sdc2: Created a new partition 2 of type 'Linux' and of size 511 MiB.
/dev/sdc3: Done.

New situation:
Disklabel type: dos
Disk identifier: 0x3bf3a1e8

Device     Boot   Start     End Sectors  Size Id Type
/dev/sdc1          2048 4196351 4194304    2G 83 Linux
/dev/sdc2       4196352 5242879 1046528  511M 83 Linux

The partition table has been altered.
Calling ioctl() to re-read partition table.
Syncing disks.
```
- **6.** Готово:
```
root@vagrant:/home/vagrant# mdadm --create --verbose /dev/md1 --level=1 --raid-devices=2 /dev/sdb1 /dev/sdc1
mdadm: Note: this array has metadata at the start and
    may not be suitable as a boot device.  If you plan to
    store '/boot' on this device please ensure that
    your boot-loader understands md/v1.x metadata, or use
    --metadata=0.90
mdadm: size set to 2094080K
Continue creating array? y
mdadm: Defaulting to version 1.2 metadata
mdadm: array /dev/md1 started.
root@vagrant:/home/vagrant# cat /proc/mdstat
Personalities : [linear] [multipath] [raid0] [raid1] [raid6] [raid5] [raid4] [raid10]
md1 : active raid1 sdc1[1] sdb1[0]
      2094080 blocks super 1.2 [2/2] [UU]

unused devices: <none>
```
- **7.** Готово:
```
root@vagrant:/home/vagrant# mdadm --create --verbose /dev/md0 --level=0 --raid-devices=2 /dev/sdb2 /dev/sdc2
mdadm: chunk size defaults to 512K
mdadm: Defaulting to version 1.2 metadata
mdadm: array /dev/md0 started.
root@vagrant:/home/vagrant# cat /proc/mdstat
Personalities : [linear] [multipath] [raid0] [raid1] [raid6] [raid5] [raid4] [raid10]
md0 : active raid0 sdc2[1] sdb2[0]
      1042432 blocks super 1.2 512k chunks

md1 : active raid1 sdc1[1] sdb1[0]
      2094080 blocks super 1.2 [2/2] [UU]

unused devices: <none>
```
- **8.** Создано:
```
root@vagrant:/home/vagrant# pvcreate /dev/md1
  Physical volume "/dev/md1" successfully created.
root@vagrant:/home/vagrant# pvcreate /dev/md0
  Physical volume "/dev/md0" successfully created.
```
- **9.** Создано:
```
root@vagrant:/home/vagrant# vgcreate vg1 /dev/md1 /dev/md0
  Volume group "vg1" successfully created
```
- **10.** Создано:
```
root@vagrant:/home/vagrant# lvcreate -L 100M vg1 /dev/md0
  Logical volume "lvol0" created.
root@vagrant:/home/vagrant# lvs
  LV        VG        Attr       LSize   Pool Origin Data%  Meta%  Move Log Cpy%Sync Convert
  ubuntu-lv ubuntu-vg -wi-ao----  31.50g

  lvol0     vg1       -wi-a----- 100.00m
```
- **11.** Создано:
```
root@vagrant:/home/vagrant# mkfs.ext4 /dev/vg1/lvol0
mke2fs 1.45.5 (07-Jan-2020)
Creating filesystem with 25600 4k blocks and 25600 inodes

Allocating group tables: done
Writing inode tables: done
Creating journal (1024 blocks): done
Writing superblocks and filesystem accounting information: done
```
- **12.** Готово:
```
root@vagrant:/home/vagrant# mkdir /tmp/new
root@vagrant:/home/vagrant# mount /dev/vg1/lvol0 /tmp/new
root@vagrant:/home/vagrant# df -h
Filesystem                         Size  Used Avail Use% Mounted on
udev                               447M     0  447M   0% /dev
tmpfs                               99M 1016K   98M   2% /run
/dev/mapper/ubuntu--vg-ubuntu--lv   31G  3.7G   26G  13% /
tmpfs                              491M     0  491M   0% /dev/shm
tmpfs                              5.0M     0  5.0M   0% /run/lock
tmpfs                              491M     0  491M   0% /sys/fs/cgroup
/dev/loop0                          56M   56M     0 100% /snap/core18/2128
/dev/loop1                          71M   71M     0 100% /snap/lxd/21029
/dev/sda2                          976M  107M  803M  12% /boot
vagrant                            238G  164G   75G  69% /vagrant
/dev/loop3                          56M   56M     0 100% /snap/core18/2284
/dev/loop4                          44M   44M     0 100% /snap/snapd/14978
/dev/loop5                          62M   62M     0 100% /snap/core20/1361
tmpfs                               99M     0   99M   0% /run/user/1000
/dev/loop6                          68M   68M     0 100% /snap/lxd/22526
/dev/mapper/vg1-lvol0               93M   72K   86M   1% /tmp/new
```
- **13.** 
```
root@vagrant:/home/vagrant# wget https://mirror.yandex.ru/ubuntu/ls-lR.gz -O /tmp/new/test.gz
--2022-02-28 18:03:28--  https://mirror.yandex.ru/ubuntu/ls-lR.gz
Resolving mirror.yandex.ru (mirror.yandex.ru)... 213.180.204.183, 2a02:6b8::183
Connecting to mirror.yandex.ru (mirror.yandex.ru)|213.180.204.183|:443... connected.
HTTP request sent, awaiting response... 200 OK
Length: 22343665 (21M) [application/octet-stream]
Saving to: ‘/tmp/new/test.gz’

/tmp/new/test.gz     100%[=====================>]  21.31M  2.47MB/s    in 8.7s

2022-02-28 18:03:37 (2.45 MB/s) - ‘/tmp/new/test.gz’ saved [22343665/22343665]

root@vagrant:/home/vagrant# ls /tmp/new/
lost+found  test.gz
```
- **14.** Вывод `lsblk`:
```
root@vagrant:/home/vagrant# lsblk
NAME                      MAJ:MIN RM  SIZE RO TYPE  MOUNTPOINT
loop0                       7:0    0 55.4M  1 loop  /snap/core18/2128
loop1                       7:1    0 70.3M  1 loop  /snap/lxd/21029
loop3                       7:3    0 55.5M  1 loop  /snap/core18/2284
loop4                       7:4    0 43.6M  1 loop  /snap/snapd/14978
loop5                       7:5    0 61.9M  1 loop  /snap/core20/1361
loop6                       7:6    0 67.9M  1 loop  /snap/lxd/22526
sda                         8:0    0   64G  0 disk
├─sda1                      8:1    0    1M  0 part
├─sda2                      8:2    0    1G  0 part  /boot
└─sda3                      8:3    0   63G  0 part
  └─ubuntu--vg-ubuntu--lv 253:0    0 31.5G  0 lvm   /
sdb                         8:16   0  2.5G  0 disk
├─sdb1                      8:17   0    2G  0 part
│ └─md1                     9:1    0    2G  0 raid1
└─sdb2                      8:18   0  511M  0 part
  └─md0                     9:0    0 1018M  0 raid0
    └─vg1-lvol0           253:1    0  100M  0 lvm   /tmp/new
sdc                         8:32   0  2.5G  0 disk
├─sdc1                      8:33   0    2G  0 part
│ └─md1                     9:1    0    2G  0 raid1
└─sdc2                      8:34   0  511M  0 part
  └─md0                     9:0    0 1018M  0 raid0
    └─vg1-lvol0           253:1    0  100M  0 lvm   /tmp/new
```
- **15.** Вывод аналогично даёт 0.
- **16.** Выполнено:
```
root@vagrant:/home/vagrant# pvmove /dev/md0
  /dev/md0: Moved: 24.00%
  /dev/md0: Moved: 100.00%
```
- **17.** Сделано:
```
root@vagrant:/home/vagrant# mdadm /dev/md1 --fail /dev/sdb1
mdadm: set /dev/sdb1 faulty in /dev/md1
root@vagrant:/home/vagrant# cat /proc/mdstat
Personalities : [linear] [multipath] [raid0] [raid1] [raid6] [raid5] [raid4] [raid10]
md0 : active raid0 sdc2[1] sdb2[0]
      1042432 blocks super 1.2 512k chunks

md1 : active raid1 sdc1[1] sdb1[0](F)
      2094080 blocks super 1.2 [2/1] [_U]

unused devices: <none>
```
- **18.** Вывод `dmesg | grep md/raid1`:
```
root@vagrant:/home/vagrant# dmesg | grep md/raid1
[ 7940.327658] md/raid1:md1: not clean -- starting background reconstruction
[ 7940.327659] md/raid1:md1: active with 2 out of 2 mirrors
[ 8973.196785] md/raid1:md1: Disk failure on sdb1, disabling device.
               md/raid1:md1: Operation continuing on 1 devices.
```
- **19.** Возвращает 0 (добавил скрин dz_3_5.PNG)
